{
    "1028932157": "EPL-1.0",
    "2425343180": "Random License with invalid URL in POM",
    "3188410119": "Random License without URL in POM"
}