abbot	abbot	1.4.0	-	0000000000000000000000000000000000000000
abbot	abbot	1.4.0	1.4.0-lite	0000000000000000000000000000000000000000
abbot	abbot	0.12.3	-	51d28a27d919ce8690a40f4f335b9d591ceb16e9
abbot	abbot	0.13.0	-	596d91e67631b0deb05fb685d8d1b6735f3e4f60
abbot	abbot	0.13.0	0.13.0-copy	596d91e67631b0deb05fb685d8d1b6735f3e4f60