abbot	abbot	0.12.3		51d28a27d919ce8690a40f4f335b9d591ceb16e9
abbot	abbot	0.13.0		596d91e67631b0deb05fb685d8d1b6735f3e4f60
abbot	abbot	0.13.0	copy	596d91e67631b0deb05fb685d8d1b6735f3e4f60
abbot	abbot	1.4.0		a2363646a9dd05955633b450010b59a21af8a423
abbot	abbot	1.4.0	lite	0547ab037068afa2026925bd94bfb9fcfcec9761 